{
  "compilerOptions": {
    "listFiles": true,
    "target": "es5",
    "module": "amd",
    "removeComments": false,
    "declaration": true,
    "sourceMap": true,
    "outDir": "./"
  },
  "filesGlob": [
    "**/*.ts"
  ],
  "files": [
    "dummy1.ts",
    "dummy2.ts"
  ]
}
